lib/services/notificationService.ts(743,19): error TS7017: Element implicitly has an 'any' type because type 'typeof globalThis' has no index signature.
lib/services/notificationService.ts(744,16): error TS7017: Element implicitly has an 'any' type because type 'typeof globalThis' has no index signature.
lib/services/notificationService.ts(746,14): error TS7017: Element implicitly has an 'any' type because type 'typeof globalThis' has no index signature.
